405049792 is NOT in AVL.
405049792 is NOT in AVL.
405049792 is NOT in AVL.
