1392755136 is NOT in AVL.
1392755136 is NOT in AVL.
1392755136 is NOT in AVL.
1392755136 is NOT in AVL.
1392755136 is NOT in AVL.
